2026-10-07T12:02:18.631+02:00  INFO 11280 --- [configserver] [main] c.e.c.ConfigserverApplication            : Starting ConfigserverApplication using Java 24.0.1 with PID 11280 (D:\GitHub\spirng-ecom-git\ecom\configserver\target\classes started by KPSzy in D:\GitHub\spirng-ecom-git\ecom)
2026-10-07T12:02:18.635+02:00  INFO 11280 --- [configserver] [main] c.e.c.ConfigserverApplication            : The following 1 profile is active: "native"
2026-10-07T12:02:21.025+02:00  INFO 11280 --- [configserver] [main] faultConfiguringBeanFactoryPostProcessor : No bean named 'errorChannel' has been explicitly defined. Therefore, a default PublishSubscribeChannel will be created.
2026-10-07T12:02:21.044+02:00  INFO 11280 --- [configserver] [main] faultConfiguringBeanFactoryPostProcessor : No bean named 'integrationHeaderChannelRegistry' has been explicitly defined. Therefore, a default DefaultHeaderChannelRegistry will be created.
2026-10-07T12:02:21.130+02:00  INFO 11280 --- [configserver] [main] o.s.cloud.context.scope.GenericScope     : BeanFactory id=75683168-9103-38a0-bf65-fe84cc3035cf
2026-10-07T12:02:21.853+02:00  INFO 11280 --- [configserver] [main] o.s.boot.tomcat.TomcatWebServer          : Tomcat initialized with port 8888 (http)
2026-10-07T12:02:21.878+02:00  INFO 11280 --- [configserver] [main] o.apache.catalina.core.StandardService   : Starting service [Tomcat]
2026-10-07T12:02:21.879+02:00  INFO 11280 --- [configserver] [main] o.apache.catalina.core.StandardEngine    : Starting Servlet engine: [Apache Tomcat/11.0.24]
2026-10-07T12:02:21.977+02:00  INFO 11280 --- [configserver] [main] b.w.c.s.WebApplicationContextInitializer : Root WebApplicationContext: initialization completed in 3269 ms
2026-10-07T12:02:23.413+02:00  INFO 11280 --- [configserver] [main] o.s.c.s.m.DirectWithAttributesChannel    : Channel 'configserver.springCloudBusInput' has 1 subscriber(s).
2026-10-07T12:02:24.446+02:00  INFO 11280 --- [configserver] [main] o.s.b.a.e.web.EndpointLinksResolver      : Exposing 22 endpoints beneath base path '/actuator'
2026-10-07T12:02:24.562+02:00  INFO 11280 --- [configserver] [main] o.s.i.endpoint.EventDrivenConsumer       : Adding {logging-channel-adapter:_org.springframework.integration.errorLogger} as a subscriber to the 'errorChannel' channel
2026-10-07T12:02:24.563+02:00  INFO 11280 --- [configserver] [main] o.s.i.channel.PublishSubscribeChannel    : Channel 'configserver.errorChannel' has 1 subscriber(s).
2026-10-07T12:02:24.564+02:00  INFO 11280 --- [configserver] [main] o.s.i.endpoint.EventDrivenConsumer       : started bean '_org.springframework.integration.errorLogger'
2026-10-07T12:02:24.577+02:00  INFO 11280 --- [configserver] [main] o.s.c.s.binder.DefaultBinderFactory      : Creating binder: rabbit
2026-10-07T12:02:24.578+02:00  INFO 11280 --- [configserver] [main] o.s.c.s.binder.DefaultBinderFactory      : Constructing binder child context for rabbit
2026-10-07T12:02:24.688+02:00  INFO 11280 --- [configserver] [main] o.s.c.s.binder.DefaultBinderFactory      : Caching the binder: rabbit
2026-10-07T12:02:24.710+02:00  INFO 11280 --- [configserver] [main] c.s.b.r.p.RabbitExchangeQueueProvisioner : declaring queue for inbound: springCloudBus.anonymous.Ae4X3OvSTHyd5NTKPfV-yA, bound to: springCloudBus
2026-10-07T12:02:24.715+02:00  INFO 11280 --- [configserver] [main] o.s.a.r.c.CachingConnectionFactory       : Attempting to connect to: [localhost:5672]
2026-10-07T12:02:24.788+02:00  INFO 11280 --- [configserver] [main] o.s.a.r.c.CachingConnectionFactory       : Created new connection: rabbitConnectionFactory#63eea8c4:0/SimpleConnection@683fac7e [delegate=amqp://guest@127.0.0.1:5672/, localPort=56374]
2026-10-07T12:02:24.857+02:00  INFO 11280 --- [configserver] [main] o.s.c.stream.binder.BinderErrorChannel   : Channel 'rabbit-1793273840.springCloudBusInput.errors' has 1 subscriber(s).
2026-10-07T12:02:24.858+02:00  INFO 11280 --- [configserver] [main] o.s.c.stream.binder.BinderErrorChannel   : Channel 'rabbit-1793273840.springCloudBusInput.errors' has 2 subscriber(s).
2026-10-07T12:02:24.887+02:00  INFO 11280 --- [configserver] [main] o.s.i.a.i.AmqpInboundChannelAdapter      : started bean 'inbound.springCloudBus.anonymous.Ae4X3OvSTHyd5NTKPfV-yA'
2026-10-07T12:02:24.923+02:00  INFO 11280 --- [configserver] [main] o.s.boot.tomcat.TomcatWebServer          : Tomcat started on port 8888 (http) with context path '/'
2026-10-07T12:02:24.991+02:00  INFO 11280 --- [configserver] [main] c.e.c.ConfigserverApplication            : Started ConfigserverApplication in 7.164 seconds (process running for 8.001)
2026-10-07T12:02:35.647+02:00  INFO 11280 --- [configserver] [SpringApplicationShutdownHook] o.s.boot.tomcat.GracefulShutdown         : Commencing graceful shutdown. Waiting for active requests to complete
2026-10-07T12:02:35.654+02:00  INFO 11280 --- [configserver] [tomcat-shutdown] o.s.boot.tomcat.GracefulShutdown         : Graceful shutdown complete
2026-10-07T12:02:35.665+02:00  INFO 11280 --- [configserver] [SpringApplicationShutdownHook] o.s.a.r.l.SimpleMessageListenerContainer : Waiting for workers to finish.
2026-10-07T12:02:35.899+02:00  INFO 11280 --- [configserver] [SpringApplicationShutdownHook] o.s.a.r.l.SimpleMessageListenerContainer : Successfully waited for workers to finish.
2026-10-07T12:02:35.900+02:00  INFO 11280 --- [configserver] [SpringApplicationShutdownHook] o.s.i.a.i.AmqpInboundChannelAdapter      : stopped bean 'inbound.springCloudBus.anonymous.Ae4X3OvSTHyd5NTKPfV-yA'
2026-10-07T12:02:35.902+02:00  INFO 11280 --- [configserver] [SpringApplicationShutdownHook] o.s.c.stream.binder.BinderErrorChannel   : Channel 'configserver.rabbit-1793273840.springCloudBusInput.errors' has 1 subscriber(s).
2026-10-07T12:02:35.907+02:00  INFO 11280 --- [configserver] [SpringApplicationShutdownHook] o.s.c.stream.binder.BinderErrorChannel   : Channel 'configserver.rabbit-1793273840.springCloudBusInput.errors' has 0 subscriber(s).
2026-10-07T12:02:35.940+02:00  INFO 11280 --- [configserver] [SpringApplicationShutdownHook] o.s.i.endpoint.EventDrivenConsumer       : Removing {logging-channel-adapter:_org.springframework.integration.errorLogger} as a subscriber to the 'errorChannel' channel
2026-10-07T12:02:35.940+02:00  INFO 11280 --- [configserver] [SpringApplicationShutdownHook] o.s.i.channel.PublishSubscribeChannel    : Channel 'configserver.errorChannel' has 0 subscriber(s).
2026-10-07T12:02:35.941+02:00  INFO 11280 --- [configserver] [SpringApplicationShutdownHook] o.s.i.endpoint.EventDrivenConsumer       : stopped bean '_org.springframework.integration.errorLogger'
2026-10-07T12:03:08.940+02:00  INFO 7248 --- [configserver] [main] c.e.c.ConfigserverApplication            : Starting ConfigserverApplication using Java 24.0.1 with PID 7248 (D:\GitHub\spirng-ecom-git\ecom\configserver\target\classes started by KPSzy in D:\GitHub\spirng-ecom-git\ecom)
2026-10-07T12:03:08.945+02:00  INFO 7248 --- [configserver] [main] c.e.c.ConfigserverApplication            : The following 1 profile is active: "native"
2026-10-07T12:03:11.033+02:00  INFO 7248 --- [configserver] [main] faultConfiguringBeanFactoryPostProcessor : No bean named 'errorChannel' has been explicitly defined. Therefore, a default PublishSubscribeChannel will be created.
2026-10-07T12:03:11.043+02:00  INFO 7248 --- [configserver] [main] faultConfiguringBeanFactoryPostProcessor : No bean named 'integrationHeaderChannelRegistry' has been explicitly defined. Therefore, a default DefaultHeaderChannelRegistry will be created.
2026-10-07T12:03:11.116+02:00  INFO 7248 --- [configserver] [main] o.s.cloud.context.scope.GenericScope     : BeanFactory id=75683168-9103-38a0-bf65-fe84cc3035cf
2026-10-07T12:03:11.827+02:00  INFO 7248 --- [configserver] [main] o.s.boot.tomcat.TomcatWebServer          : Tomcat initialized with port 8888 (http)
2026-10-07T12:03:11.858+02:00  INFO 7248 --- [configserver] [main] o.apache.catalina.core.StandardService   : Starting service [Tomcat]
2026-10-07T12:03:11.859+02:00  INFO 7248 --- [configserver] [main] o.apache.catalina.core.StandardEngine    : Starting Servlet engine: [Apache Tomcat/11.0.24]
2026-10-07T12:03:11.966+02:00  INFO 7248 --- [configserver] [main] b.w.c.s.WebApplicationContextInitializer : Root WebApplicationContext: initialization completed in 2952 ms
2026-10-07T12:03:13.393+02:00  INFO 7248 --- [configserver] [main] o.s.c.s.m.DirectWithAttributesChannel    : Channel 'configserver.springCloudBusInput' has 1 subscriber(s).
2026-10-07T12:03:14.491+02:00  INFO 7248 --- [configserver] [main] o.s.b.a.e.web.EndpointLinksResolver      : Exposing 22 endpoints beneath base path '/actuator'
2026-10-07T12:03:14.618+02:00  INFO 7248 --- [configserver] [main] o.s.i.endpoint.EventDrivenConsumer       : Adding {logging-channel-adapter:_org.springframework.integration.errorLogger} as a subscriber to the 'errorChannel' channel
2026-10-07T12:03:14.619+02:00  INFO 7248 --- [configserver] [main] o.s.i.channel.PublishSubscribeChannel    : Channel 'configserver.errorChannel' has 1 subscriber(s).
2026-10-07T12:03:14.619+02:00  INFO 7248 --- [configserver] [main] o.s.i.endpoint.EventDrivenConsumer       : started bean '_org.springframework.integration.errorLogger'
2026-10-07T12:03:14.630+02:00  INFO 7248 --- [configserver] [main] o.s.c.s.binder.DefaultBinderFactory      : Creating binder: rabbit
2026-10-07T12:03:14.631+02:00  INFO 7248 --- [configserver] [main] o.s.c.s.binder.DefaultBinderFactory      : Constructing binder child context for rabbit
2026-10-07T12:03:14.761+02:00  INFO 7248 --- [configserver] [main] o.s.c.s.binder.DefaultBinderFactory      : Caching the binder: rabbit
2026-10-07T12:03:14.781+02:00  INFO 7248 --- [configserver] [main] c.s.b.r.p.RabbitExchangeQueueProvisioner : declaring queue for inbound: springCloudBus.anonymous.PYnv4f5RTjiuo7yepk60Hg, bound to: springCloudBus
2026-10-07T12:03:14.787+02:00  INFO 7248 --- [configserver] [main] o.s.a.r.c.CachingConnectionFactory       : Attempting to connect to: [localhost:5672]
2026-10-07T12:03:14.844+02:00  INFO 7248 --- [configserver] [main] o.s.a.r.c.CachingConnectionFactory       : Created new connection: rabbitConnectionFactory#53a09566:0/SimpleConnection@10830d50 [delegate=amqp://guest@127.0.0.1:5672/, localPort=56383]
2026-10-07T12:03:14.909+02:00  INFO 7248 --- [configserver] [main] o.s.c.stream.binder.BinderErrorChannel   : Channel 'rabbit-1762031582.springCloudBusInput.errors' has 1 subscriber(s).
2026-10-07T12:03:14.910+02:00  INFO 7248 --- [configserver] [main] o.s.c.stream.binder.BinderErrorChannel   : Channel 'rabbit-1762031582.springCloudBusInput.errors' has 2 subscriber(s).
2026-10-07T12:03:14.938+02:00  INFO 7248 --- [configserver] [main] o.s.i.a.i.AmqpInboundChannelAdapter      : started bean 'inbound.springCloudBus.anonymous.PYnv4f5RTjiuo7yepk60Hg'
2026-10-07T12:03:14.962+02:00  INFO 7248 --- [configserver] [main] o.s.boot.tomcat.TomcatWebServer          : Tomcat started on port 8888 (http) with context path '/'
2026-10-07T12:03:15.042+02:00  INFO 7248 --- [configserver] [main] c.e.c.ConfigserverApplication            : Started ConfigserverApplication in 6.915 seconds (process running for 7.733)
2026-10-07T12:03:23.645+02:00  INFO 7248 --- [configserver] [http-nio-8888-exec-3] o.a.c.c.C.[Tomcat].[localhost].[/]       : Initializing Spring DispatcherServlet 'dispatcherServlet'
2026-10-07T12:03:23.645+02:00  INFO 7248 --- [configserver] [http-nio-8888-exec-3] o.s.web.servlet.DispatcherServlet        : Initializing Servlet 'dispatcherServlet'
2026-10-07T12:03:23.647+02:00  INFO 7248 --- [configserver] [http-nio-8888-exec-3] o.s.web.servlet.DispatcherServlet        : Completed initialization in 2 ms
2026-10-07T12:03:23.738+02:00  INFO 7248 --- [configserver] [http-nio-8888-exec-3] o.s.c.c.s.e.NativeEnvironmentRepository  : Adding property source: Config resource 'file [D:\GitHub\spirng-ecom-git\ecom\configserver\src\main\resources\application.yaml]' via location 'file:///D:\GitHub\spirng-ecom-git\ecom\configserver\src\main\resources/'
2026-10-07T12:03:24.022+02:00  INFO 7248 --- [configserver] [http-nio-8888-exec-1] o.s.c.c.s.e.NativeEnvironmentRepository  : Adding property source: Config resource 'file [D:\GitHub\spirng-ecom-git\ecom\configserver\src\main\resources\application.yaml]' via location 'file:///D:\GitHub\spirng-ecom-git\ecom\configserver\src\main\resources/'
2026-10-07T12:03:24.041+02:00  INFO 7248 --- [configserver] [http-nio-8888-exec-2] o.s.c.c.s.e.NativeEnvironmentRepository  : Adding property source: Config resource 'file [D:\GitHub\spirng-ecom-git\ecom\configserver\src\main\resources\application.yaml]' via location 'file:///D:\GitHub\spirng-ecom-git\ecom\configserver\src\main\resources/'
2026-10-07T12:04:25.879+02:00  INFO 7248 --- [configserver] [http-nio-8888-exec-5] o.s.c.c.s.e.NativeEnvironmentRepository  : Adding property source: Config resource 'file [D:\GitHub\spirng-ecom-git\ecom\configserver\src\main\resources\application.yaml]' via location 'file:///D:\GitHub\spirng-ecom-git\ecom\configserver\src\main\resources/'
2026-10-07T12:04:52.340+02:00  INFO 7248 --- [configserver] [http-nio-8888-exec-7] o.s.c.c.s.e.NativeEnvironmentRepository  : Adding property source: Config resource 'file [D:\GitHub\spirng-ecom-git\ecom\configserver\src\main\resources\application.yaml]' via location 'file:///D:\GitHub\spirng-ecom-git\ecom\configserver\src\main\resources/'
2026-10-07T12:04:52.539+02:00  INFO 7248 --- [configserver] [http-nio-8888-exec-9] o.s.c.c.s.e.NativeEnvironmentRepository  : Adding property source: Config resource 'file [D:\GitHub\spirng-ecom-git\ecom\configserver\src\main\resources\application.yaml]' via location 'file:///D:\GitHub\spirng-ecom-git\ecom\configserver\src\main\resources/'
2026-10-07T12:04:52.559+02:00  INFO 7248 --- [configserver] [http-nio-8888-exec-10] o.s.c.c.s.e.NativeEnvironmentRepository  : Adding property source: Config resource 'file [D:\GitHub\spirng-ecom-git\ecom\configserver\src\main\resources\application.yaml]' via location 'file:///D:\GitHub\spirng-ecom-git\ecom\configserver\src\main\resources/'
2026-10-07T12:04:56.463+02:00  INFO 7248 --- [configserver] [SpringApplicationShutdownHook] o.s.boot.tomcat.GracefulShutdown         : Commencing graceful shutdown. Waiting for active requests to complete
2026-10-07T12:04:56.473+02:00  INFO 7248 --- [configserver] [tomcat-shutdown] o.s.boot.tomcat.GracefulShutdown         : Graceful shutdown complete
2026-10-07T12:04:56.492+02:00  INFO 7248 --- [configserver] [SpringApplicationShutdownHook] o.s.a.r.l.SimpleMessageListenerContainer : Waiting for workers to finish.
2026-10-07T12:04:57.372+02:00  INFO 7248 --- [configserver] [SpringApplicationShutdownHook] o.s.a.r.l.SimpleMessageListenerContainer : Successfully waited for workers to finish.
2026-10-07T12:04:57.373+02:00  INFO 7248 --- [configserver] [SpringApplicationShutdownHook] o.s.i.a.i.AmqpInboundChannelAdapter      : stopped bean 'inbound.springCloudBus.anonymous.PYnv4f5RTjiuo7yepk60Hg'
2026-10-07T12:04:57.376+02:00  INFO 7248 --- [configserver] [SpringApplicationShutdownHook] o.s.c.stream.binder.BinderErrorChannel   : Channel 'configserver.rabbit-1762031582.springCloudBusInput.errors' has 1 subscriber(s).
2026-10-07T12:04:57.378+02:00  INFO 7248 --- [configserver] [SpringApplicationShutdownHook] o.s.c.stream.binder.BinderErrorChannel   : Channel 'configserver.rabbit-1762031582.springCloudBusInput.errors' has 0 subscriber(s).
2026-10-07T12:04:57.407+02:00  INFO 7248 --- [configserver] [SpringApplicationShutdownHook] o.s.i.endpoint.EventDrivenConsumer       : Removing {logging-channel-adapter:_org.springframework.integration.errorLogger} as a subscriber to the 'errorChannel' channel
2026-10-07T12:04:57.408+02:00  INFO 7248 --- [configserver] [SpringApplicationShutdownHook] o.s.i.channel.PublishSubscribeChannel    : Channel 'configserver.errorChannel' has 0 subscriber(s).
2026-10-07T12:04:57.408+02:00  INFO 7248 --- [configserver] [SpringApplicationShutdownHook] o.s.i.endpoint.EventDrivenConsumer       : stopped bean '_org.springframework.integration.errorLogger'
2026-10-07T12:05:02.116+02:00  INFO 14720 --- [configserver] [main] c.e.c.ConfigserverApplication            : Starting ConfigserverApplication using Java 24.0.1 with PID 14720 (D:\GitHub\spirng-ecom-git\ecom\configserver\target\classes started by KPSzy in D:\GitHub\spirng-ecom-git\ecom)
2026-10-07T12:05:02.122+02:00  INFO 14720 --- [configserver] [main] c.e.c.ConfigserverApplication            : The following 1 profile is active: "native"
2026-10-07T12:05:04.215+02:00  INFO 14720 --- [configserver] [main] faultConfiguringBeanFactoryPostProcessor : No bean named 'errorChannel' has been explicitly defined. Therefore, a default PublishSubscribeChannel will be created.
2026-10-07T12:05:04.228+02:00  INFO 14720 --- [configserver] [main] faultConfiguringBeanFactoryPostProcessor : No bean named 'integrationHeaderChannelRegistry' has been explicitly defined. Therefore, a default DefaultHeaderChannelRegistry will be created.
2026-10-07T12:05:04.316+02:00  INFO 14720 --- [configserver] [main] o.s.cloud.context.scope.GenericScope     : BeanFactory id=75683168-9103-38a0-bf65-fe84cc3035cf
2026-10-07T12:05:04.991+02:00  INFO 14720 --- [configserver] [main] o.s.boot.tomcat.TomcatWebServer          : Tomcat initialized with port 8888 (http)
2026-10-07T12:05:05.019+02:00  INFO 14720 --- [configserver] [main] o.apache.catalina.core.StandardService   : Starting service [Tomcat]
2026-10-07T12:05:05.019+02:00  INFO 14720 --- [configserver] [main] o.apache.catalina.core.StandardEngine    : Starting Servlet engine: [Apache Tomcat/11.0.24]
2026-10-07T12:05:05.124+02:00  INFO 14720 --- [configserver] [main] b.w.c.s.WebApplicationContextInitializer : Root WebApplicationContext: initialization completed in 2935 ms
2026-10-07T12:05:06.571+02:00  INFO 14720 --- [configserver] [main] o.s.c.s.m.DirectWithAttributesChannel    : Channel 'configserver.springCloudBusInput' has 1 subscriber(s).
2026-10-07T12:05:07.632+02:00  INFO 14720 --- [configserver] [main] o.s.b.a.e.web.EndpointLinksResolver      : Exposing 22 endpoints beneath base path '/actuator'
2026-10-07T12:05:07.766+02:00  INFO 14720 --- [configserver] [main] o.s.i.endpoint.EventDrivenConsumer       : Adding {logging-channel-adapter:_org.springframework.integration.errorLogger} as a subscriber to the 'errorChannel' channel
2026-10-07T12:05:07.767+02:00  INFO 14720 --- [configserver] [main] o.s.i.channel.PublishSubscribeChannel    : Channel 'configserver.errorChannel' has 1 subscriber(s).
2026-10-07T12:05:07.767+02:00  INFO 14720 --- [configserver] [main] o.s.i.endpoint.EventDrivenConsumer       : started bean '_org.springframework.integration.errorLogger'
2026-10-07T12:05:07.783+02:00  INFO 14720 --- [configserver] [main] o.s.c.s.binder.DefaultBinderFactory      : Creating binder: rabbit
2026-10-07T12:05:07.783+02:00  INFO 14720 --- [configserver] [main] o.s.c.s.binder.DefaultBinderFactory      : Constructing binder child context for rabbit
2026-10-07T12:05:07.911+02:00  INFO 14720 --- [configserver] [main] o.s.c.s.binder.DefaultBinderFactory      : Caching the binder: rabbit
2026-10-07T12:05:07.934+02:00  INFO 14720 --- [configserver] [main] c.s.b.r.p.RabbitExchangeQueueProvisioner : declaring queue for inbound: springCloudBus.anonymous.CMZ93OmuTTyXYFCtvJ3SQg, bound to: springCloudBus
2026-10-07T12:05:07.941+02:00  INFO 14720 --- [configserver] [main] o.s.a.r.c.CachingConnectionFactory       : Attempting to connect to: [localhost:5672]
2026-10-07T12:05:08.014+02:00  INFO 14720 --- [configserver] [main] o.s.a.r.c.CachingConnectionFactory       : Created new connection: rabbitConnectionFactory#145fe8ab:0/SimpleConnection@1ab21633 [delegate=amqp://guest@127.0.0.1:5672/, localPort=52220]
2026-10-07T12:05:08.105+02:00  INFO 14720 --- [configserver] [main] o.s.c.stream.binder.BinderErrorChannel   : Channel 'rabbit-426212061.springCloudBusInput.errors' has 1 subscriber(s).
2026-10-07T12:05:08.107+02:00  INFO 14720 --- [configserver] [main] o.s.c.stream.binder.BinderErrorChannel   : Channel 'rabbit-426212061.springCloudBusInput.errors' has 2 subscriber(s).
2026-10-07T12:05:08.149+02:00  INFO 14720 --- [configserver] [main] o.s.i.a.i.AmqpInboundChannelAdapter      : started bean 'inbound.springCloudBus.anonymous.CMZ93OmuTTyXYFCtvJ3SQg'
2026-10-07T12:05:08.182+02:00  INFO 14720 --- [configserver] [main] o.s.boot.tomcat.TomcatWebServer          : Tomcat started on port 8888 (http) with context path '/'
2026-10-07T12:05:08.254+02:00  INFO 14720 --- [configserver] [main] c.e.c.ConfigserverApplication            : Started ConfigserverApplication in 6.921 seconds (process running for 7.901)
2026-10-07T12:05:14.942+02:00  INFO 14720 --- [configserver] [http-nio-8888-exec-2] o.a.c.c.C.[Tomcat].[localhost].[/]       : Initializing Spring DispatcherServlet 'dispatcherServlet'
2026-10-07T12:05:14.942+02:00  INFO 14720 --- [configserver] [http-nio-8888-exec-2] o.s.web.servlet.DispatcherServlet        : Initializing Servlet 'dispatcherServlet'
2026-10-07T12:05:14.944+02:00  INFO 14720 --- [configserver] [http-nio-8888-exec-2] o.s.web.servlet.DispatcherServlet        : Completed initialization in 2 ms
2026-10-07T12:05:15.015+02:00  INFO 14720 --- [configserver] [http-nio-8888-exec-2] o.s.c.c.s.e.NativeEnvironmentRepository  : Adding property source: Config resource 'file [D:\GitHub\spirng-ecom-git\ecom\configserver\src\main\resources\config\eureka-server.yaml]' via location 'file:///D:\GitHub\spirng-ecom-git\ecom\configserver\src\main\resources\config/'
2026-10-07T12:05:15.015+02:00  INFO 14720 --- [configserver] [http-nio-8888-exec-2] o.s.c.c.s.e.NativeEnvironmentRepository  : Adding property source: Config resource 'file [D:\GitHub\spirng-ecom-git\ecom\configserver\src\main\resources\config\application.yaml]' via location 'file:///D:\GitHub\spirng-ecom-git\ecom\configserver\src\main\resources\config/'
2026-10-07T12:05:59.778+02:00  INFO 14720 --- [configserver] [http-nio-8888-exec-3] o.s.c.c.s.e.NativeEnvironmentRepository  : Adding property source: Config resource 'file [D:\GitHub\spirng-ecom-git\ecom\configserver\src\main\resources\config\user-service.yaml]' via location 'file:///D:\GitHub\spirng-ecom-git\ecom\configserver\src\main\resources\config/'
2026-10-07T12:05:59.778+02:00  INFO 14720 --- [configserver] [http-nio-8888-exec-3] o.s.c.c.s.e.NativeEnvironmentRepository  : Adding property source: Config resource 'file [D:\GitHub\spirng-ecom-git\ecom\configserver\src\main\resources\config\application.yaml]' via location 'file:///D:\GitHub\spirng-ecom-git\ecom\configserver\src\main\resources\config/'
2026-10-07T12:06:28.938+02:00  INFO 14720 --- [configserver] [http-nio-8888-exec-10] o.s.c.c.s.e.NativeEnvironmentRepository  : Adding property source: Config resource 'file [D:\GitHub\spirng-ecom-git\ecom\configserver\src\main\resources\config\user-service.yaml]' via location 'file:///D:\GitHub\spirng-ecom-git\ecom\configserver\src\main\resources\config/'
2026-10-07T12:06:28.940+02:00  INFO 14720 --- [configserver] [http-nio-8888-exec-10] o.s.c.c.s.e.NativeEnvironmentRepository  : Adding property source: Config resource 'file [D:\GitHub\spirng-ecom-git\ecom\configserver\src\main\resources\config\application.yaml]' via location 'file:///D:\GitHub\spirng-ecom-git\ecom\configserver\src\main\resources\config/'
2026-10-07T12:08:58.053+02:00  INFO 14720 --- [configserver] [http-nio-8888-exec-4] o.s.c.c.s.e.NativeEnvironmentRepository  : Adding property source: Config resource 'file [D:\GitHub\spirng-ecom-git\ecom\configserver\src\main\resources\config\product-service.yaml]' via location 'file:///D:\GitHub\spirng-ecom-git\ecom\configserver\src\main\resources\config/'
2026-10-07T12:08:58.053+02:00  INFO 14720 --- [configserver] [http-nio-8888-exec-4] o.s.c.c.s.e.NativeEnvironmentRepository  : Adding property source: Config resource 'file [D:\GitHub\spirng-ecom-git\ecom\configserver\src\main\resources\config\application.yaml]' via location 'file:///D:\GitHub\spirng-ecom-git\ecom\configserver\src\main\resources\config/'
2026-10-07T12:09:48.769+02:00  INFO 14720 --- [configserver] [http-nio-8888-exec-5] o.s.c.c.s.e.NativeEnvironmentRepository  : Adding property source: Config resource 'file [D:\GitHub\spirng-ecom-git\ecom\configserver\src\main\resources\config\order-service.yaml]' via location 'file:///D:\GitHub\spirng-ecom-git\ecom\configserver\src\main\resources\config/'
2026-10-07T12:09:48.769+02:00  INFO 14720 --- [configserver] [http-nio-8888-exec-5] o.s.c.c.s.e.NativeEnvironmentRepository  : Adding property source: Config resource 'file [D:\GitHub\spirng-ecom-git\ecom\configserver\src\main\resources\config\application.yaml]' via location 'file:///D:\GitHub\spirng-ecom-git\ecom\configserver\src\main\resources\config/'
2026-10-07T12:38:16.522+02:00  INFO 14720 --- [configserver] [SpringApplicationShutdownHook] o.s.boot.tomcat.GracefulShutdown         : Commencing graceful shutdown. Waiting for active requests to complete
2026-10-07T12:38:16.528+02:00  INFO 14720 --- [configserver] [tomcat-shutdown] o.s.boot.tomcat.GracefulShutdown         : Graceful shutdown complete
2026-10-07T12:38:16.543+02:00  INFO 14720 --- [configserver] [SpringApplicationShutdownHook] o.s.a.r.l.SimpleMessageListenerContainer : Waiting for workers to finish.
2026-10-07T12:38:16.841+02:00  INFO 14720 --- [configserver] [SpringApplicationShutdownHook] o.s.a.r.l.SimpleMessageListenerContainer : Successfully waited for workers to finish.
2026-10-07T12:38:16.842+02:00  INFO 14720 --- [configserver] [SpringApplicationShutdownHook] o.s.i.a.i.AmqpInboundChannelAdapter      : stopped bean 'inbound.springCloudBus.anonymous.CMZ93OmuTTyXYFCtvJ3SQg'
2026-10-07T12:38:16.847+02:00  INFO 14720 --- [configserver] [SpringApplicationShutdownHook] o.s.c.stream.binder.BinderErrorChannel   : Channel 'configserver.rabbit-426212061.springCloudBusInput.errors' has 1 subscriber(s).
2026-10-07T12:38:16.849+02:00  INFO 14720 --- [configserver] [SpringApplicationShutdownHook] o.s.c.stream.binder.BinderErrorChannel   : Channel 'configserver.rabbit-426212061.springCloudBusInput.errors' has 0 subscriber(s).
2026-10-07T12:38:16.879+02:00  INFO 14720 --- [configserver] [SpringApplicationShutdownHook] o.s.i.endpoint.EventDrivenConsumer       : Removing {logging-channel-adapter:_org.springframework.integration.errorLogger} as a subscriber to the 'errorChannel' channel
2026-10-07T12:38:16.880+02:00  INFO 14720 --- [configserver] [SpringApplicationShutdownHook] o.s.i.channel.PublishSubscribeChannel    : Channel 'configserver.errorChannel' has 0 subscriber(s).
2026-10-07T12:38:16.881+02:00  INFO 14720 --- [configserver] [SpringApplicationShutdownHook] o.s.i.endpoint.EventDrivenConsumer       : stopped bean '_org.springframework.integration.errorLogger'
2026-10-07T12:38:19.633+02:00  INFO 21864 --- [configserver] [main] c.e.c.ConfigserverApplication            : Starting ConfigserverApplication using Java 24.0.1 with PID 21864 (D:\GitHub\spirng-ecom-git\ecom\configserver\target\classes started by KPSzy in D:\GitHub\spirng-ecom-git\ecom)
2026-10-07T12:38:19.637+02:00  INFO 21864 --- [configserver] [main] c.e.c.ConfigserverApplication            : The following 1 profile is active: "native"
2026-10-07T12:38:21.469+02:00  INFO 21864 --- [configserver] [main] faultConfiguringBeanFactoryPostProcessor : No bean named 'errorChannel' has been explicitly defined. Therefore, a default PublishSubscribeChannel will be created.
2026-10-07T12:38:21.481+02:00  INFO 21864 --- [configserver] [main] faultConfiguringBeanFactoryPostProcessor : No bean named 'integrationHeaderChannelRegistry' has been explicitly defined. Therefore, a default DefaultHeaderChannelRegistry will be created.
2026-10-07T12:38:21.568+02:00  INFO 21864 --- [configserver] [main] o.s.cloud.context.scope.GenericScope     : BeanFactory id=75683168-9103-38a0-bf65-fe84cc3035cf
2026-10-07T12:38:22.227+02:00  INFO 21864 --- [configserver] [main] o.s.boot.tomcat.TomcatWebServer          : Tomcat initialized with port 8888 (http)
2026-10-07T12:38:22.253+02:00  INFO 21864 --- [configserver] [main] o.apache.catalina.core.StandardService   : Starting service [Tomcat]
2026-10-07T12:38:22.254+02:00  INFO 21864 --- [configserver] [main] o.apache.catalina.core.StandardEngine    : Starting Servlet engine: [Apache Tomcat/11.0.24]
2026-10-07T12:38:22.352+02:00  INFO 21864 --- [configserver] [main] b.w.c.s.WebApplicationContextInitializer : Root WebApplicationContext: initialization completed in 2642 ms
2026-10-07T12:38:23.774+02:00  INFO 21864 --- [configserver] [main] o.s.c.s.m.DirectWithAttributesChannel    : Channel 'configserver.springCloudBusInput' has 1 subscriber(s).
2026-10-07T12:38:24.772+02:00  INFO 21864 --- [configserver] [main] o.s.b.a.e.web.EndpointLinksResolver      : Exposing 22 endpoints beneath base path '/actuator'
2026-10-07T12:38:24.896+02:00  INFO 21864 --- [configserver] [main] o.s.i.endpoint.EventDrivenConsumer       : Adding {logging-channel-adapter:_org.springframework.integration.errorLogger} as a subscriber to the 'errorChannel' channel
2026-10-07T12:38:24.896+02:00  INFO 21864 --- [configserver] [main] o.s.i.channel.PublishSubscribeChannel    : Channel 'configserver.errorChannel' has 1 subscriber(s).
2026-10-07T12:38:24.896+02:00  INFO 21864 --- [configserver] [main] o.s.i.endpoint.EventDrivenConsumer       : started bean '_org.springframework.integration.errorLogger'
2026-10-07T12:38:24.912+02:00  INFO 21864 --- [configserver] [main] o.s.c.s.binder.DefaultBinderFactory      : Creating binder: rabbit
2026-10-07T12:38:24.913+02:00  INFO 21864 --- [configserver] [main] o.s.c.s.binder.DefaultBinderFactory      : Constructing binder child context for rabbit
2026-10-07T12:38:25.044+02:00  INFO 21864 --- [configserver] [main] o.s.c.s.binder.DefaultBinderFactory      : Caching the binder: rabbit
2026-10-07T12:38:25.064+02:00  INFO 21864 --- [configserver] [main] c.s.b.r.p.RabbitExchangeQueueProvisioner : declaring queue for inbound: springCloudBus.anonymous.z9jvyhDsS4ik9Re9jkMqDA, bound to: springCloudBus
2026-10-07T12:38:25.073+02:00  INFO 21864 --- [configserver] [main] o.s.a.r.c.CachingConnectionFactory       : Attempting to connect to: [localhost:5672]
2026-10-07T12:38:25.160+02:00  INFO 21864 --- [configserver] [main] o.s.a.r.c.CachingConnectionFactory       : Created new connection: rabbitConnectionFactory#5d0e703a:0/SimpleConnection@20a9fb01 [delegate=amqp://guest@127.0.0.1:5672/, localPort=56104]
2026-10-07T12:38:25.235+02:00  INFO 21864 --- [configserver] [main] o.s.c.stream.binder.BinderErrorChannel   : Channel 'rabbit-113211374.springCloudBusInput.errors' has 1 subscriber(s).
2026-10-07T12:38:25.236+02:00  INFO 21864 --- [configserver] [main] o.s.c.stream.binder.BinderErrorChannel   : Channel 'rabbit-113211374.springCloudBusInput.errors' has 2 subscriber(s).
2026-10-07T12:38:25.266+02:00  INFO 21864 --- [configserver] [main] o.s.i.a.i.AmqpInboundChannelAdapter      : started bean 'inbound.springCloudBus.anonymous.z9jvyhDsS4ik9Re9jkMqDA'
2026-10-07T12:38:25.300+02:00  INFO 21864 --- [configserver] [main] o.s.boot.tomcat.TomcatWebServer          : Tomcat started on port 8888 (http) with context path '/'
2026-10-07T12:38:25.376+02:00  INFO 21864 --- [configserver] [main] c.e.c.ConfigserverApplication            : Started ConfigserverApplication in 6.5 seconds (process running for 7.312)
2026-10-07T12:38:36.296+02:00  INFO 21864 --- [configserver] [http-nio-8888-exec-1] o.a.c.c.C.[Tomcat].[localhost].[/]       : Initializing Spring DispatcherServlet 'dispatcherServlet'
2026-10-07T12:38:36.296+02:00  INFO 21864 --- [configserver] [http-nio-8888-exec-1] o.s.web.servlet.DispatcherServlet        : Initializing Servlet 'dispatcherServlet'
2026-10-07T12:38:36.299+02:00  INFO 21864 --- [configserver] [http-nio-8888-exec-1] o.s.web.servlet.DispatcherServlet        : Completed initialization in 2 ms
2026-10-07T12:38:36.395+02:00  INFO 21864 --- [configserver] [http-nio-8888-exec-1] o.s.c.c.s.e.NativeEnvironmentRepository  : Adding property source: Config resource 'file [D:\GitHub\spirng-ecom-git\ecom\configserver\src\main\resources\config\eureka-server.yaml]' via location 'file:///D:\GitHub\spirng-ecom-git\ecom\configserver\src\main\resources\config/'
2026-10-07T12:38:36.396+02:00  INFO 21864 --- [configserver] [http-nio-8888-exec-1] o.s.c.c.s.e.NativeEnvironmentRepository  : Adding property source: Config resource 'file [D:\GitHub\spirng-ecom-git\ecom\configserver\src\main\resources\config\application.yaml]' via location 'file:///D:\GitHub\spirng-ecom-git\ecom\configserver\src\main\resources\config/'
2026-10-07T12:38:55.303+02:00  INFO 21864 --- [configserver] [http-nio-8888-exec-2] o.s.c.c.s.e.NativeEnvironmentRepository  : Adding property source: Config resource 'file [D:\GitHub\spirng-ecom-git\ecom\configserver\src\main\resources\config\order-service.yaml]' via location 'file:///D:\GitHub\spirng-ecom-git\ecom\configserver\src\main\resources\config/'
2026-10-07T12:38:55.303+02:00  INFO 21864 --- [configserver] [http-nio-8888-exec-2] o.s.c.c.s.e.NativeEnvironmentRepository  : Adding property source: Config resource 'file [D:\GitHub\spirng-ecom-git\ecom\configserver\src\main\resources\config\application.yaml]' via location 'file:///D:\GitHub\spirng-ecom-git\ecom\configserver\src\main\resources\config/'
2026-10-07T12:54:55.017+02:00  WARN 21864 --- [configserver] [springCloudBus.anonymous.z9jvyhDsS4ik9Re9jkMqDA-1] o.s.a.r.l.SimpleMessageListenerContainer : Consumer raised exception, processing can restart if the connection factory supports it

com.rabbitmq.client.ShutdownSignalException: connection error; protocol method: #method<connection.close>(reply-code=320, reply-text=CONNECTION_FORCED - broker forced connection closure with reason 'shutdown', class-id=0, method-id=0)
	at com.rabbitmq.client.impl.AMQConnection.startShutdown(AMQConnection.java:1014) ~[amqp-client-5.30.0.jar:5.30.0]
	at com.rabbitmq.client.impl.AMQConnection.shutdown(AMQConnection.java:1004) ~[amqp-client-5.30.0.jar:5.30.0]
	at com.rabbitmq.client.impl.AMQConnection.handleConnectionClose(AMQConnection.java:942) ~[amqp-client-5.30.0.jar:5.30.0]
	at com.rabbitmq.client.impl.AMQConnection.processControlCommand(AMQConnection.java:897) ~[amqp-client-5.30.0.jar:5.30.0]
	at com.rabbitmq.client.impl.AMQConnection$1.processAsync(AMQConnection.java:276) ~[amqp-client-5.30.0.jar:5.30.0]
	at com.rabbitmq.client.impl.AMQChannel.handleCompleteInboundCommand(AMQChannel.java:193) ~[amqp-client-5.30.0.jar:5.30.0]
	at com.rabbitmq.client.impl.AMQChannel.handleFrame(AMQChannel.java:125) ~[amqp-client-5.30.0.jar:5.30.0]
	at com.rabbitmq.client.impl.AMQConnection.readFrame(AMQConnection.java:748) ~[amqp-client-5.30.0.jar:5.30.0]
	at com.rabbitmq.client.impl.AMQConnection.access$400(AMQConnection.java:49) ~[amqp-client-5.30.0.jar:5.30.0]
	at com.rabbitmq.client.impl.AMQConnection$MainLoop.run(AMQConnection.java:695) ~[amqp-client-5.30.0.jar:5.30.0]
	at java.base/java.lang.Thread.run(Thread.java:1447) ~[na:na]

2026-10-07T12:54:55.258+02:00  INFO 21864 --- [configserver] [springCloudBus.anonymous.z9jvyhDsS4ik9Re9jkMqDA-1] o.s.a.r.l.SimpleMessageListenerContainer : Restarting Consumer@7341baa3: tags=[[amq.ctag-TpmAlt2pgq_LjQxJo4RfJg]], channel=Cached Rabbit Channel: AMQChannel(amqp://guest@127.0.0.1:5672/,1), conn: Proxy@247dcbba Shared Rabbit Connection: SimpleConnection@20a9fb01 [delegate=amqp://guest@127.0.0.1:5672/, localPort=56104], acknowledgeMode=AUTO local queue size=0
2026-10-07T12:54:55.322+02:00  INFO 21864 --- [configserver] [springCloudBus.anonymous.z9jvyhDsS4ik9Re9jkMqDA-2] o.s.a.r.c.CachingConnectionFactory       : Attempting to connect to: [localhost:5672]
2026-10-07T12:54:55.357+02:00 ERROR 21864 --- [configserver] [AMQP Connection 127.0.0.1:5672] c.r.c.impl.ForgivingExceptionHandler     : An unexpected connection driver error occurred

java.net.SocketException: Nawiązane połączenie zostało przerwane przez oprogramowanie zainstalowane w komputerze-hoście
	at java.base/sun.nio.ch.SocketDispatcher.read0(Native Method) ~[na:na]
	at java.base/sun.nio.ch.SocketDispatcher.read(SocketDispatcher.java:46) ~[na:na]
	at java.base/sun.nio.ch.NioSocketImpl.tryRead(NioSocketImpl.java:255) ~[na:na]
	at java.base/sun.nio.ch.NioSocketImpl.timedRead(NioSocketImpl.java:273) ~[na:na]
	at java.base/sun.nio.ch.NioSocketImpl.implRead(NioSocketImpl.java:303) ~[na:na]
	at java.base/sun.nio.ch.NioSocketImpl.read(NioSocketImpl.java:345) ~[na:na]
	at java.base/sun.nio.ch.NioSocketImpl$1.read(NioSocketImpl.java:790) ~[na:na]
	at java.base/java.net.Socket$SocketInputStream.implRead(Socket.java:983) ~[na:na]
	at java.base/java.net.Socket$SocketInputStream.read(Socket.java:970) ~[na:na]
	at java.base/java.io.BufferedInputStream.fill(BufferedInputStream.java:289) ~[na:na]
	at java.base/java.io.BufferedInputStream.read(BufferedInputStream.java:308) ~[na:na]
	at java.base/java.io.DataInputStream.readUnsignedByte(DataInputStream.java:300) ~[na:na]
	at com.rabbitmq.client.impl.Frame.readFrom(Frame.java:92) ~[amqp-client-5.30.0.jar:5.30.0]
	at com.rabbitmq.client.impl.SocketFrameHandler.readFrame(SocketFrameHandler.java:199) ~[amqp-client-5.30.0.jar:5.30.0]
	at com.rabbitmq.client.impl.AMQConnection$MainLoop.run(AMQConnection.java:694) ~[amqp-client-5.30.0.jar:5.30.0]
	at java.base/java.lang.Thread.run(Thread.java:1447) ~[na:na]

2026-10-07T12:55:01.546+02:00  WARN 21864 --- [configserver] [springCloudBus.anonymous.z9jvyhDsS4ik9Re9jkMqDA-2] o.s.a.r.l.SimpleMessageListenerContainer : Consumer raised exception, processing can restart if the connection factory supports it. Exception summary: org.springframework.amqp.AmqpConnectException: java.net.ConnectException: Connection timed out: getsockopt
2026-10-07T12:55:01.549+02:00  INFO 21864 --- [configserver] [springCloudBus.anonymous.z9jvyhDsS4ik9Re9jkMqDA-2] o.s.a.r.l.SimpleMessageListenerContainer : Restarting Consumer@30580219: tags=[[]], channel=null, acknowledgeMode=AUTO local queue size=0
2026-10-07T12:55:01.555+02:00  INFO 21864 --- [configserver] [springCloudBus.anonymous.z9jvyhDsS4ik9Re9jkMqDA-3] o.s.a.r.c.CachingConnectionFactory       : Attempting to connect to: [localhost:5672]
2026-10-07T12:55:06.681+02:00  WARN 21864 --- [configserver] [springCloudBus.anonymous.z9jvyhDsS4ik9Re9jkMqDA-3] o.s.a.r.l.SimpleMessageListenerContainer : Consumer raised exception, processing can restart if the connection factory supports it. Exception summary: org.springframework.amqp.AmqpConnectException: java.net.ConnectException: Connection refused: getsockopt
2026-10-07T12:55:06.682+02:00  INFO 21864 --- [configserver] [springCloudBus.anonymous.z9jvyhDsS4ik9Re9jkMqDA-3] o.s.a.r.l.SimpleMessageListenerContainer : Restarting Consumer@78441be2: tags=[[]], channel=null, acknowledgeMode=AUTO local queue size=0
2026-10-07T12:55:06.684+02:00  INFO 21864 --- [configserver] [springCloudBus.anonymous.z9jvyhDsS4ik9Re9jkMqDA-4] o.s.a.r.c.CachingConnectionFactory       : Attempting to connect to: [localhost:5672]
2026-10-07T12:55:11.792+02:00  WARN 21864 --- [configserver] [springCloudBus.anonymous.z9jvyhDsS4ik9Re9jkMqDA-4] o.s.a.r.l.SimpleMessageListenerContainer : Consumer raised exception, processing can restart if the connection factory supports it. Exception summary: org.springframework.amqp.AmqpConnectException: java.net.ConnectException: Connection refused: getsockopt
2026-10-07T12:55:11.793+02:00  INFO 21864 --- [configserver] [springCloudBus.anonymous.z9jvyhDsS4ik9Re9jkMqDA-4] o.s.a.r.l.SimpleMessageListenerContainer : Restarting Consumer@202d5d40: tags=[[]], channel=null, acknowledgeMode=AUTO local queue size=0
2026-10-07T12:55:11.799+02:00  INFO 21864 --- [configserver] [springCloudBus.anonymous.z9jvyhDsS4ik9Re9jkMqDA-5] o.s.a.r.c.CachingConnectionFactory       : Attempting to connect to: [localhost:5672]
2026-10-07T12:55:16.922+02:00  WARN 21864 --- [configserver] [springCloudBus.anonymous.z9jvyhDsS4ik9Re9jkMqDA-5] o.s.a.r.l.SimpleMessageListenerContainer : Consumer raised exception, processing can restart if the connection factory supports it. Exception summary: org.springframework.amqp.AmqpConnectException: java.net.ConnectException: Connection refused: getsockopt
2026-10-07T12:55:16.924+02:00  INFO 21864 --- [configserver] [springCloudBus.anonymous.z9jvyhDsS4ik9Re9jkMqDA-5] o.s.a.r.l.SimpleMessageListenerContainer : Restarting Consumer@24d4d9c9: tags=[[]], channel=null, acknowledgeMode=AUTO local queue size=0
2026-10-07T12:55:16.929+02:00  INFO 21864 --- [configserver] [springCloudBus.anonymous.z9jvyhDsS4ik9Re9jkMqDA-6] o.s.a.r.c.CachingConnectionFactory       : Attempting to connect to: [localhost:5672]
2026-10-07T12:55:22.068+02:00  WARN 21864 --- [configserver] [springCloudBus.anonymous.z9jvyhDsS4ik9Re9jkMqDA-6] o.s.a.r.l.SimpleMessageListenerContainer : Consumer raised exception, processing can restart if the connection factory supports it. Exception summary: org.springframework.amqp.AmqpConnectException: java.net.ConnectException: Connection refused: getsockopt
2026-10-07T12:55:22.070+02:00  INFO 21864 --- [configserver] [springCloudBus.anonymous.z9jvyhDsS4ik9Re9jkMqDA-6] o.s.a.r.l.SimpleMessageListenerContainer : Restarting Consumer@610d2d9e: tags=[[]], channel=null, acknowledgeMode=AUTO local queue size=0
2026-10-07T12:55:22.074+02:00  INFO 21864 --- [configserver] [springCloudBus.anonymous.z9jvyhDsS4ik9Re9jkMqDA-7] o.s.a.r.c.CachingConnectionFactory       : Attempting to connect to: [localhost:5672]
2026-10-07T12:55:27.226+02:00  WARN 21864 --- [configserver] [springCloudBus.anonymous.z9jvyhDsS4ik9Re9jkMqDA-7] o.s.a.r.l.SimpleMessageListenerContainer : Consumer raised exception, processing can restart if the connection factory supports it. Exception summary: org.springframework.amqp.AmqpConnectException: java.net.ConnectException: Connection refused: getsockopt
2026-10-07T12:55:27.228+02:00  INFO 21864 --- [configserver] [springCloudBus.anonymous.z9jvyhDsS4ik9Re9jkMqDA-7] o.s.a.r.l.SimpleMessageListenerContainer : Restarting Consumer@1597bf7f: tags=[[]], channel=null, acknowledgeMode=AUTO local queue size=0
2026-10-07T12:55:27.233+02:00  INFO 21864 --- [configserver] [springCloudBus.anonymous.z9jvyhDsS4ik9Re9jkMqDA-8] o.s.a.r.c.CachingConnectionFactory       : Attempting to connect to: [localhost:5672]
2026-10-07T12:55:32.366+02:00  WARN 21864 --- [configserver] [springCloudBus.anonymous.z9jvyhDsS4ik9Re9jkMqDA-8] o.s.a.r.l.SimpleMessageListenerContainer : Consumer raised exception, processing can restart if the connection factory supports it. Exception summary: org.springframework.amqp.AmqpConnectException: java.net.ConnectException: Connection refused: getsockopt
2026-10-07T12:55:32.367+02:00  INFO 21864 --- [configserver] [springCloudBus.anonymous.z9jvyhDsS4ik9Re9jkMqDA-8] o.s.a.r.l.SimpleMessageListenerContainer : Restarting Consumer@bb066d7: tags=[[]], channel=null, acknowledgeMode=AUTO local queue size=0
2026-10-07T12:55:32.370+02:00  INFO 21864 --- [configserver] [springCloudBus.anonymous.z9jvyhDsS4ik9Re9jkMqDA-9] o.s.a.r.c.CachingConnectionFactory       : Attempting to connect to: [localhost:5672]
2026-10-07T12:55:37.396+02:00  WARN 21864 --- [configserver] [springCloudBus.anonymous.z9jvyhDsS4ik9Re9jkMqDA-9] o.s.a.r.l.SimpleMessageListenerContainer : Consumer raised exception, processing can restart if the connection factory supports it. Exception summary: org.springframework.amqp.AmqpConnectException: java.net.ConnectException: Connection refused: getsockopt
2026-10-07T12:55:37.397+02:00  INFO 21864 --- [configserver] [springCloudBus.anonymous.z9jvyhDsS4ik9Re9jkMqDA-9] o.s.a.r.l.SimpleMessageListenerContainer : Restarting Consumer@6ebcb22: tags=[[]], channel=null, acknowledgeMode=AUTO local queue size=0
2026-10-07T12:55:37.400+02:00  INFO 21864 --- [configserver] [springCloudBus.anonymous.z9jvyhDsS4ik9Re9jkMqDA-10] o.s.a.r.c.CachingConnectionFactory       : Attempting to connect to: [localhost:5672]
2026-10-07T12:55:42.537+02:00  WARN 21864 --- [configserver] [springCloudBus.anonymous.z9jvyhDsS4ik9Re9jkMqDA-10] o.s.a.r.l.SimpleMessageListenerContainer : Consumer raised exception, processing can restart if the connection factory supports it. Exception summary: org.springframework.amqp.AmqpConnectException: java.net.ConnectException: Connection refused: getsockopt
2026-10-07T12:55:42.538+02:00  INFO 21864 --- [configserver] [springCloudBus.anonymous.z9jvyhDsS4ik9Re9jkMqDA-10] o.s.a.r.l.SimpleMessageListenerContainer : Restarting Consumer@5d5adab6: tags=[[]], channel=null, acknowledgeMode=AUTO local queue size=0
2026-10-07T12:55:42.541+02:00  INFO 21864 --- [configserver] [springCloudBus.anonymous.z9jvyhDsS4ik9Re9jkMqDA-11] o.s.a.r.c.CachingConnectionFactory       : Attempting to connect to: [localhost:5672]
2026-10-07T12:55:47.678+02:00  WARN 21864 --- [configserver] [springCloudBus.anonymous.z9jvyhDsS4ik9Re9jkMqDA-11] o.s.a.r.l.SimpleMessageListenerContainer : Consumer raised exception, processing can restart if the connection factory supports it. Exception summary: org.springframework.amqp.AmqpConnectException: java.net.ConnectException: Connection refused: getsockopt
2026-10-07T12:55:47.680+02:00  INFO 21864 --- [configserver] [springCloudBus.anonymous.z9jvyhDsS4ik9Re9jkMqDA-11] o.s.a.r.l.SimpleMessageListenerContainer : Restarting Consumer@6bdb66a9: tags=[[]], channel=null, acknowledgeMode=AUTO local queue size=0
2026-10-07T12:55:47.684+02:00  INFO 21864 --- [configserver] [springCloudBus.anonymous.z9jvyhDsS4ik9Re9jkMqDA-12] o.s.a.r.c.CachingConnectionFactory       : Attempting to connect to: [localhost:5672]
2026-10-07T12:55:52.794+02:00  WARN 21864 --- [configserver] [springCloudBus.anonymous.z9jvyhDsS4ik9Re9jkMqDA-12] o.s.a.r.l.SimpleMessageListenerContainer : Consumer raised exception, processing can restart if the connection factory supports it. Exception summary: org.springframework.amqp.AmqpConnectException: java.net.ConnectException: Connection refused: getsockopt
2026-10-07T12:55:52.804+02:00  INFO 21864 --- [configserver] [springCloudBus.anonymous.z9jvyhDsS4ik9Re9jkMqDA-12] o.s.a.r.l.SimpleMessageListenerContainer : Restarting Consumer@368d1217: tags=[[]], channel=null, acknowledgeMode=AUTO local queue size=0
2026-10-07T12:55:52.809+02:00  INFO 21864 --- [configserver] [springCloudBus.anonymous.z9jvyhDsS4ik9Re9jkMqDA-13] o.s.a.r.c.CachingConnectionFactory       : Attempting to connect to: [localhost:5672]
2026-10-07T12:55:57.910+02:00  WARN 21864 --- [configserver] [springCloudBus.anonymous.z9jvyhDsS4ik9Re9jkMqDA-13] o.s.a.r.l.SimpleMessageListenerContainer : Consumer raised exception, processing can restart if the connection factory supports it. Exception summary: org.springframework.amqp.AmqpConnectException: java.net.ConnectException: Connection refused: getsockopt
2026-10-07T12:55:57.911+02:00  INFO 21864 --- [configserver] [springCloudBus.anonymous.z9jvyhDsS4ik9Re9jkMqDA-13] o.s.a.r.l.SimpleMessageListenerContainer : Restarting Consumer@7995cc51: tags=[[]], channel=null, acknowledgeMode=AUTO local queue size=0
2026-10-07T12:55:57.916+02:00  INFO 21864 --- [configserver] [springCloudBus.anonymous.z9jvyhDsS4ik9Re9jkMqDA-14] o.s.a.r.c.CachingConnectionFactory       : Attempting to connect to: [localhost:5672]
2026-10-07T12:56:02.127+02:00  INFO 21864 --- [configserver] [SpringApplicationShutdownHook] o.s.boot.tomcat.GracefulShutdown         : Commencing graceful shutdown. Waiting for active requests to complete
2026-10-07T12:56:02.138+02:00  INFO 21864 --- [configserver] [tomcat-shutdown] o.s.boot.tomcat.GracefulShutdown         : Graceful shutdown complete
2026-10-07T12:56:02.150+02:00  INFO 21864 --- [configserver] [SpringApplicationShutdownHook] o.s.a.r.l.SimpleMessageListenerContainer : Waiting for workers to finish.
2026-10-07T12:56:02.151+02:00  INFO 21864 --- [configserver] [SpringApplicationShutdownHook] o.s.a.r.l.SimpleMessageListenerContainer : Successfully waited for workers to finish.
2026-10-07T12:56:02.152+02:00  INFO 21864 --- [configserver] [SpringApplicationShutdownHook] o.s.i.a.i.AmqpInboundChannelAdapter      : stopped bean 'inbound.springCloudBus.anonymous.z9jvyhDsS4ik9Re9jkMqDA'
2026-10-07T12:56:02.169+02:00  INFO 21864 --- [configserver] [SpringApplicationShutdownHook] o.s.c.stream.binder.BinderErrorChannel   : Channel 'configserver.rabbit-113211374.springCloudBusInput.errors' has 1 subscriber(s).
2026-10-07T12:56:02.172+02:00  INFO 21864 --- [configserver] [SpringApplicationShutdownHook] o.s.c.stream.binder.BinderErrorChannel   : Channel 'configserver.rabbit-113211374.springCloudBusInput.errors' has 0 subscriber(s).
2026-10-07T12:56:02.230+02:00  INFO 21864 --- [configserver] [SpringApplicationShutdownHook] o.s.i.endpoint.EventDrivenConsumer       : Removing {logging-channel-adapter:_org.springframework.integration.errorLogger} as a subscriber to the 'errorChannel' channel
2026-10-07T12:56:02.230+02:00  INFO 21864 --- [configserver] [SpringApplicationShutdownHook] o.s.i.channel.PublishSubscribeChannel    : Channel 'configserver.errorChannel' has 0 subscriber(s).
2026-10-07T12:56:02.231+02:00  INFO 21864 --- [configserver] [SpringApplicationShutdownHook] o.s.i.endpoint.EventDrivenConsumer       : stopped bean '_org.springframework.integration.errorLogger'
